
R version 3.2.2 (2015-08-14) -- "Fire Safety"
Copyright (C) 2015 The R Foundation for Statistical Computing
Platform: x86_64-redhat-linux-gnu (64-bit)

R is free software and comes with ABSOLUTELY NO WARRANTY.
You are welcome to redistribute it under certain conditions.
Type 'license()' or 'licence()' for distribution details.

  Natural language support but running in an English locale

R is a collaborative project with many contributors.
Type 'contributors()' for more information and
'citation()' on how to cite R or R packages in publications.

Type 'demo()' for some demos, 'help()' for on-line help, or
'help.start()' for an HTML browser interface to help.
Type 'q()' to quit R.

> # 200K MCMC iterations W ASCERT 6+
> library(mvtnorm)
> library(parallel)
> library(reshape)
> 
> library(MCMCglmm)
Loading required package: Matrix

Attaching package: ‘Matrix’

The following object is masked from ‘package:reshape’:

    expand

Loading required package: coda
Loading required package: ape
> server <- strsplit(getwd(),"/")[[1]][2]
> lib_folder <- paste0("/",server, "/mbatchou/GMMAT") 
> gmmat_load <- require(GMMAT, lib.loc = lib_folder)
Loading required package: GMMAT
> if (!gmmat_load) {
+ lib_folder <- paste0("/",server, "/mbatchou/GMMAT_compute8")
+ require(GMMAT, lib.loc = lib_folder)
+ }
> 
> # Parameters for simulation
> N_fam <- 45
> n_person <- 22
> n_total <- N_fam * n_person
> maf_G2 <- .2
> mean_G1G2 <- (1 - .9^2) * (1-(1 - maf_G2)^2)
> 
> 
> # Make pedigree
> ped1 <- data.frame(fam = NA, ind = 1:n_total, fa = NA, mo = NA)
> fa_ind <- c(NA,NA,NA,1,1,NA,1,NA,1,NA,4,4,4,6,6,6,8,8,10,10,10,10)
> mo_ind <- c(NA,NA,NA,2,2,NA,2,NA,2,NA,3,3,3,5,5,5,7,7,9,9,9,9)
> ped1[,c('mo','fa')] <- cbind(rep(mo_ind, N_fam)+ n_person*rep(0:(N_fam-1), each = n_person),
+                              rep(fa_ind, N_fam)+ n_person*rep(0:(N_fam-1), each = n_person))
> Prec <- inverseA(ped1[,c('ind','mo','fa')])$Ainv
> ped1[is.na(ped1)] <- 0
> ped1$fam <- rep(1:N_fam, each = n_person)
> write.table(ped1,'pedigree',row.names=FALSE, col.names=FALSE,sep='\t')
> 
> # Generate data
> phi <- as.matrix(read.table("add_phi_mat_n22")); colnames(phi) <- 1:n_person
> Phimat <- diag(N_fam) %x% phi
> kin <- melt(diag(N_fam)%x%phi)[,c(2,1,3)]; kin = kin[kin[,1]<=kin[,2],]
> # Get fam for row and col indID
> kin$famrow <- ((kin[,1]-1)%/%n_person) + 1; kin$famcol <- ((kin[,2]-1)%/%n_person) + 1
> kin <- kin[kin$famrow==kin$famcol,]
> phi_inv <- solve(phi) #22x22 matrix
> sex <- rep(c(1,2,2,1,2,1,2,1,2,1,2,1,1,2,1,2,1,2,2,1,2,1),N_fam) #constant
> 
> peddrop <- function (parentmat, MAF) { # parentmat is matrix of parental info
+   nfound <- sum((parentmat[, 1] == 0) & (parentmat[, 2] == 0))
+   npeople <- dim(parentmat)[1]
+   haplos <- matrix(0, npeople, 2)
+   haplos[(parentmat[, 1] == 0) & (parentmat[, 2] == 0),] <- matrix(1:(2 * nfound), nfound, 2, byrow=T)
+   
+   for (i in 1:npeople) {
+     #/* When both parents are in the pedigree drop alleles down the pedigree */
+     if ((parentmat[i, 1] != 0) & (parentmat[i, 2] != 0)) {
+       #/* Randomly choose chrom. 0 or 1 to transmit to kid at each locus
+       trchrom = sample(1:2, 2, replace = T)
+       #// For GT haplotype
+       haplos[i, 1] = haplos[parentmat[i, 1], trchrom[1]];
+       haplos[i, 2] = haplos[parentmat[i, 2], trchrom[2]];
+     } 
+   }
+   
+   state <- as.numeric(runif(2 * nfound) < MAF) #1 if minor, 0 if major allele
+   genos <- matrix(0, npeople, 2)
+   for (i in 1:npeople) genos[i, ] = state[haplos[i,]]
+   
+   return(genos)
+ }
> 
> runme = function (dummy, Tu, Tot)
+ {
+ 	kt<<- kt + 1; write(kt, "iteration_track.txt")
+ 	add_var <- Tu * Tot
+ 	beta <- c(.05, 1, .5)
+ 	old_v_xb <- sum(c(363.6669,.25,1)*beta^2)
+ 	S_XB <- sqrt(Tot * (1 - Tu) / old_v_xb) # Ratio of target variance to var(X)
+ 	beta <- beta * S_XB
+ 	LG <- log(65) # increase of 10% in the penetrance
+ 	int <- qlogis(2e-5) - beta[1] * 31.86 -  beta[2] * 1.5 - LG * mean_G1G2  # Prevalence - b * E(X) - lambda * mean of epistatis indicator
+ 	pvalsR = NA
+ 	
+ 	while(any(is.na(pvalsR))){
+ 		Y <- NULL; age <- NULL; Z <- NULL; G1 <- NULL  
+ 		# Generate family by family
+ 		for (i_fam in 1:N_fam){
+ 			ascert = 0
+ 			while(ascert == 0){
+ 				age_f <- c(73,75,46,43,40,46,40,43,47,51,18,21,15,15,12,9,13,17,24,21,18,14) + runif(n_person, -1.5, 1.5)
+ 				Z_f <- rnorm(n_person)
+ 				U <- c(rmvnorm(1, sigma = add_var * phi)) 
+ 				G1_f <- rowSums(peddrop( ped1[1:n_person, c("fa","mo")], 0.1 )) # Assumes same pedigree structure across families
+ 				G2_f <- rowSums(peddrop( ped1[1:n_person, c("fa","mo")], maf_G2))
+ 				
+ 				Y_f <- rbinom(n_person, size = 1, prob = plogis(int + U + LG * ((G1_f > 0) & (G2_f > 0)) +	age_f * beta[1] + sex[ped1$fam == i_fam] * beta[2] + Z_f * beta[3]))
+ 				
+ 				if(sum(Y_f) > 5) ascert <- 1 #At least 6 affected
+ 			}
+ 			Y <- append(Y, Y_f)
+ 			age <- append(age, age_f)
+ 			Z <- append(Z, Z_f)
+ 			G1 <- append(G1, G1_f)
+ 		}
+ 		fam_data = data.frame(Y=Y, age = age, sex = sex, Z = Z, idU = 1:n_total)
+ 
+ ### MCMC glmm
+ 		prior1 <- list(R = list(V = 1, fix=1),
+ 		G = list(G1 = list(V = 1, nu = 1, alpha.mu=0, alpha.V=10^2)))
+ 		mMCMC <- MCMCglmm(Y ~ 1 + age + sex + Z, random =~idU, family = "categorical",
+ 		ginverse = list(idU = Prec), prior=prior1,
+ 		data = fam_data, verbose = F, nitt=250e3, thin=500, burnin=5e3)
+ 		con_pi <- as.vector(predict(mMCMC, posterior = "mode", type = "response")) # conditional on posterior mode of parameters (beta, u) -- E(pi|u)
+ # Numerator
+ 		T_num1 <- crossprod(G1, Y - con_pi)^2
+ # Retrospective denominator
+ 		get_denum_retro <- function(G, Matdenum){ 
+ 			maf <- mean(G) / 2 #(sum(G) + 1) / ((n_total + 1) * 2)  --> Not necessary since G is common variant
+ 			2 * maf * (1 - maf) * Matdenum
+ 		}
+ 		YPhiY <- crossprod(Y - con_pi, Phimat) %*% (Y - con_pi) #marginal mean
+ 		T_denumR1 <- get_denum_retro(G1, YPhiY)
+ 		pvalsR <- pchisq(T_num1 / T_denumR1, df = 1, lower.tail = F)
+ 
+ 		numend <- sample(1e6,1)
+ 		filend <- paste0(numend, '.txt')
+ 		
+ # GMMAT
+ 		mGMMAT <- glmmkin(Y ~ age + sex + Z,  data = fam_data, kins = Phimat, family = binomial(link="logit"))
+ 		write(c("SNP1",G1), paste0('genofile', filend), ncolumns = n_total + 1, sep='\t')
+ 		capture.output(glmm.score.text(mGMMAT$res, mGMMAT$P, infile = paste0('genofile', filend), outfile = paste0('gmmat_out', filend)), file = "/dev/null")
+ 		if(file.exists(paste0('gmmat_out', filend))){
+ 		pvalsR <- append(pvalsR, as.numeric(read.table(paste0('gmmat_out', filend), header=T)[6]))
+ 		} else{
+ 		pvalsR <- append(pvalsR, NA)
+ 		write('Error in GMMAT', "errorfile.txt", append = T)}
+ 
+ # CARAT
+ 		write.table(cbind(1,ped1[,-1],fam_data[,c(3,1,2:4)]), paste0('phenofile', filend), sep = '\t', quote=F, col.names=F, row.names=F)
+ 		write(c('Chr','SNP','cm','bp',1:n_total), paste0('genofile', filend), ncolumns = n_total + 4, sep='\t')
+ 		write(c(1,'SNP1',1,50,unlist(list(c(1,1),c(1,2),c(2,2))[G1+1])), paste0('genofile', filend), ncolumns = n_total*2 + 4, sep='\t', append = T)
+ 		write.table(cbind(1,kin[kin$v>0,1:3]),paste0('grmfile', filend), row.names=F, col.names=F,sep=' ')
+ 		com_carat <- paste('./CARAT -p',paste0('phenofile', filend),'-g',paste0('genofile', filend),'-R ',paste0('grmfile', filend),'-o',numend)
+ 		ret <- system(com_carat, ignore.stdout = T, ignore.stderr = T)
+ 		if ((!file.exists(paste0(numend,'_out.txt'))) | (ret !=0)){
+ 			pvalsR <- append(pvalsR, NA)
+ 			allfile <- list.files()
+ 			file.remove(allfile[grep(numend,allfile)])
+ 			write('Error in CARAT', "errorfile.txt", append = T)
+ 		} else pvalsR <- append(pvalsR, as.numeric(read.table(paste0(numend,'_out.txt'), header=T)[4]))
+ 
+ # CERAMIC
+ 		write.table(cbind(ped1[,1:2],fam_data$Y+1,fam_data[,2:4]), paste0('phenofile', filend), sep = '\t', quote=F, col.names=F, row.names=F)
+ 		kin2 = kin; kin2$value[kin2$v == 1] = 0; kin2$value = kin2$v/2
+ 		write.table(kin2[,c(4,1:3)],paste0('grmfile', filend), row.names=F, col.names=F,sep=' ')
+ 		write(G1, paste0('genofile', filend), ncolumns = n_total, sep='\t')
+ 		com_ceramic <- paste('./BATMAN -p',paste0('phenofile', filend),'-g',paste0('genofile', filend),'-k',paste0('grmfile', filend),'-c')
+ 		ret <- system(com_ceramic, ignore.stdout = T, ignore.stderr = T)
+ 		if ((!file.exists("BATMANtest.pvalues")) | (ret !=0)){
+ 			pvalsR <- append(pvalsR, NA)
+ 			allfile <- list.files()
+ 			file.remove(allfile[grep(numend,allfile)])
+ 			write('Error in CERAMIC', "errorfile.txt", append = T)
+ 		} else{
+ 			file.rename("BATMANtest.pvalues", paste0("BATMAN.",filend))
+ 			pvalsR <- append(pvalsR, as.numeric(read.table(paste0("BATMAN.",filend), header=T)[3]))
+ 		}
+ 
+ # Erase files
+ 		allfile <- list.files()
+ 		file.remove(allfile[grep(numend,allfile)])
+ 	}
+   return(pvalsR)
+ }
> 
> M = rbind(c(0.4,72),c(0.6,76))
> n_M = dim(M)[1]
> # Will be a list (over Tu/Te) of a list (over rep) of matrices (GMMAT and MCMC)
> res = rep(list(list()), n_M) 
> n_rep = 1000; kt <- 0 # To keep track of iterations
> 
> for(i in 1:n_M) {
+   res[[i]] = mclapply(1:n_rep, runme, mc.cores = 15, Tu= M[i,1], Tot = M[i,2])
+   save.image() #Save the res object
+ }
> 
> allfile <- list.files()
> file.remove(allfile[grep("BATMAN.",allfile)])
[1] TRUE TRUE TRUE
>   
> body <- tail(strsplit(getwd(),"/")[[1]],1); body <- paste("Folder: ", body) 
> system(paste("echo \"",body,"\" | mailx -s \"Sim done\" joelle.mbatchou@gmail.com"), ignore.stdout = T, ignore.stderr = T)
> 
> proc.time()
       user      system     elapsed 
1034758.492    1739.549   75218.486 
